6
10
0
3
-4
0
3
30
0
3
1
1
1
0
1
8
15625
5
30
5
3
10
1
