11
7
5
s√≠
menor
(1 2 3 4 5)
1
(2 3 4 5)
(0 1 2 3 4 5)
#t
#f
15
8
#t
#t
#f
20
(2 4 6 8)
(2 4)