Starting the expression test...
1 + 2 = 3
3 * 4 = 12
5 - 3 = 2
6 / 2 = 3
#t
text
10 + 20 = 30
b * c = 600
60