


565


655


5
#t
#f
this is a string
this is a string
()
this_is_another_string
this_is_another_string
()
(1 2 3 4)
((1 2 3 4) (1 2 3 4) (1 2 3 4))
10
0